Archive member included to satisfy reference by file (symbol)

c:/program files (x86)/atmel/studio/7.0/toolchain/avr8/avr8-gnu-toolchain/bin/../lib/gcc/avr/5.4.0/avr5\libgcc.a(_exit.o)
                              C:/Program Files (x86)/Atmel/Studio/7.0/Packs/atmel/ATmega_DFP/1.2.132/gcc/dev/at90can64/avr5/crtat90can64.o (exit)
c:/program files (x86)/atmel/studio/7.0/toolchain/avr8/avr8-gnu-toolchain/bin/../lib/gcc/avr/5.4.0/avr5\libgcc.a(_clear_bss.o)
                              j1708.o (__do_clear_bss)

Discarded input sections

 .data          0x00000000        0x0 C:/Program Files (x86)/Atmel/Studio/7.0/Packs/atmel/ATmega_DFP/1.2.132/gcc/dev/at90can64/avr5/crtat90can64.o
 .bss           0x00000000        0x0 C:/Program Files (x86)/Atmel/Studio/7.0/Packs/atmel/ATmega_DFP/1.2.132/gcc/dev/at90can64/avr5/crtat90can64.o
 .text          0x00000000        0x0 j1708.o
 .data          0x00000000        0x0 j1708.o
 .bss           0x00000000        0x0 j1708.o
 .text._Z17j1708_read_bufferPhS_
                0x00000000       0x44 j1708.o
 .bss.j1708_rx_limit
                0x00000000        0x1 j1708.o
 .text          0x00000000        0x0 main.o
 .data          0x00000000        0x0 main.o
 .bss           0x00000000        0x0 main.o
 .text          0x00000000        0x0 uart0.o
 .data          0x00000000        0x0 uart0.o
 .bss           0x00000000        0x0 uart0.o
 .text._Z13uart0_tx_busyv
                0x00000000       0x10 uart0.o
 .text._Z13uart0_tx_buffPhh
                0x00000000       0x2c uart0.o
 .text          0x00000000        0x0 c:/program files (x86)/atmel/studio/7.0/toolchain/avr8/avr8-gnu-toolchain/bin/../lib/gcc/avr/5.4.0/avr5\libgcc.a(_exit.o)
 .data          0x00000000        0x0 c:/program files (x86)/atmel/studio/7.0/toolchain/avr8/avr8-gnu-toolchain/bin/../lib/gcc/avr/5.4.0/avr5\libgcc.a(_exit.o)
 .bss           0x00000000        0x0 c:/program files (x86)/atmel/studio/7.0/toolchain/avr8/avr8-gnu-toolchain/bin/../lib/gcc/avr/5.4.0/avr5\libgcc.a(_exit.o)
 .text.libgcc.mul
                0x00000000        0x0 c:/program files (x86)/atmel/studio/7.0/toolchain/avr8/avr8-gnu-toolchain/bin/../lib/gcc/avr/5.4.0/avr5\libgcc.a(_exit.o)
 .text.libgcc.div
                0x00000000        0x0 c:/program files (x86)/atmel/studio/7.0/toolchain/avr8/avr8-gnu-toolchain/bin/../lib/gcc/avr/5.4.0/avr5\libgcc.a(_exit.o)
 .text.libgcc   0x00000000        0x0 c:/program files (x86)/atmel/studio/7.0/toolchain/avr8/avr8-gnu-toolchain/bin/../lib/gcc/avr/5.4.0/avr5\libgcc.a(_exit.o)
 .text.libgcc.prologue
                0x00000000        0x0 c:/program files (x86)/atmel/studio/7.0/toolchain/avr8/avr8-gnu-toolchain/bin/../lib/gcc/avr/5.4.0/avr5\libgcc.a(_exit.o)
 .text.libgcc.builtins
                0x00000000        0x0 c:/program files (x86)/atmel/studio/7.0/toolchain/avr8/avr8-gnu-toolchain/bin/../lib/gcc/avr/5.4.0/avr5\libgcc.a(_exit.o)
 .text.libgcc.fmul
                0x00000000        0x0 c:/program files (x86)/atmel/studio/7.0/toolchain/avr8/avr8-gnu-toolchain/bin/../lib/gcc/avr/5.4.0/avr5\libgcc.a(_exit.o)
 .text.libgcc.fixed
                0x00000000        0x0 c:/program files (x86)/atmel/studio/7.0/toolchain/avr8/avr8-gnu-toolchain/bin/../lib/gcc/avr/5.4.0/avr5\libgcc.a(_exit.o)
 .text          0x00000000        0x0 c:/program files (x86)/atmel/studio/7.0/toolchain/avr8/avr8-gnu-toolchain/bin/../lib/gcc/avr/5.4.0/avr5\libgcc.a(_clear_bss.o)
 .data          0x00000000        0x0 c:/program files (x86)/atmel/studio/7.0/toolchain/avr8/avr8-gnu-toolchain/bin/../lib/gcc/avr/5.4.0/avr5\libgcc.a(_clear_bss.o)
 .bss           0x00000000        0x0 c:/program files (x86)/atmel/studio/7.0/toolchain/avr8/avr8-gnu-toolchain/bin/../lib/gcc/avr/5.4.0/avr5\libgcc.a(_clear_bss.o)
 .text.libgcc.mul
                0x00000000        0x0 c:/program files (x86)/atmel/studio/7.0/toolchain/avr8/avr8-gnu-toolchain/bin/../lib/gcc/avr/5.4.0/avr5\libgcc.a(_clear_bss.o)
 .text.libgcc.div
                0x00000000        0x0 c:/program files (x86)/atmel/studio/7.0/toolchain/avr8/avr8-gnu-toolchain/bin/../lib/gcc/avr/5.4.0/avr5\libgcc.a(_clear_bss.o)
 .text.libgcc   0x00000000        0x0 c:/program files (x86)/atmel/studio/7.0/toolchain/avr8/avr8-gnu-toolchain/bin/../lib/gcc/avr/5.4.0/avr5\libgcc.a(_clear_bss.o)
 .text.libgcc.prologue
                0x00000000        0x0 c:/program files (x86)/atmel/studio/7.0/toolchain/avr8/avr8-gnu-toolchain/bin/../lib/gcc/avr/5.4.0/avr5\libgcc.a(_clear_bss.o)
 .text.libgcc.builtins
                0x00000000        0x0 c:/program files (x86)/atmel/studio/7.0/toolchain/avr8/avr8-gnu-toolchain/bin/../lib/gcc/avr/5.4.0/avr5\libgcc.a(_clear_bss.o)
 .text.libgcc.fmul
                0x00000000        0x0 c:/program files (x86)/atmel/studio/7.0/toolchain/avr8/avr8-gnu-toolchain/bin/../lib/gcc/avr/5.4.0/avr5\libgcc.a(_clear_bss.o)
 .text.libgcc.fixed
                0x00000000        0x0 c:/program files (x86)/atmel/studio/7.0/toolchain/avr8/avr8-gnu-toolchain/bin/../lib/gcc/avr/5.4.0/avr5\libgcc.a(_clear_bss.o)

Memory Configuration

Name             Origin             Length             Attributes
text             0x00000000         0x00020000         xr
data             0x00800060         0x0000ffa0         rw !x
eeprom           0x00810000         0x00010000         rw !x
fuse             0x00820000         0x00000003         rw !x
lock             0x00830000         0x00000400         rw !x
signature        0x00840000         0x00000400         rw !x
user_signatures  0x00850000         0x00000400         rw !x
*default*        0x00000000         0xffffffff

Linker script and memory map

Address of section .data set to 0x800100
LOAD C:/Program Files (x86)/Atmel/Studio/7.0/Packs/atmel/ATmega_DFP/1.2.132/gcc/dev/at90can64/avr5/crtat90can64.o
LOAD j1708.o
LOAD main.o
LOAD uart0.o
START GROUP
LOAD c:/program files (x86)/atmel/studio/7.0/toolchain/avr8/avr8-gnu-toolchain/bin/../lib/gcc/avr/5.4.0/../../../../avr/lib/avr5\libm.a
END GROUP
LOAD c:/program files (x86)/atmel/studio/7.0/toolchain/avr8/avr8-gnu-toolchain/bin/../lib/gcc/avr/5.4.0/avr5\libgcc.a
LOAD c:/program files (x86)/atmel/studio/7.0/toolchain/avr8/avr8-gnu-toolchain/bin/../lib/gcc/avr/5.4.0/../../../../avr/lib/avr5\libm.a
START GROUP
LOAD c:/program files (x86)/atmel/studio/7.0/toolchain/avr8/avr8-gnu-toolchain/bin/../lib/gcc/avr/5.4.0/avr5\libgcc.a
LOAD c:/program files (x86)/atmel/studio/7.0/toolchain/avr8/avr8-gnu-toolchain/bin/../lib/gcc/avr/5.4.0/../../../../avr/lib/avr5\libm.a
LOAD c:/program files (x86)/atmel/studio/7.0/toolchain/avr8/avr8-gnu-toolchain/bin/../lib/gcc/avr/5.4.0/../../../../avr/lib/avr5\libc.a
LOAD C:/Program Files (x86)/Atmel/Studio/7.0/Packs/atmel/ATmega_DFP/1.2.132/gcc/dev/at90can64/avr5\libat90can64.a
END GROUP
                0x00020000                __TEXT_REGION_LENGTH__ = DEFINED (__TEXT_REGION_LENGTH__)?__TEXT_REGION_LENGTH__:0x20000
                0x0000ffa0                __DATA_REGION_LENGTH__ = DEFINED (__DATA_REGION_LENGTH__)?__DATA_REGION_LENGTH__:0xffa0
                0x00010000                __EEPROM_REGION_LENGTH__ = DEFINED (__EEPROM_REGION_LENGTH__)?__EEPROM_REGION_LENGTH__:0x10000
                [0x00000003]                __FUSE_REGION_LENGTH__ = DEFINED (__FUSE_REGION_LENGTH__)?__FUSE_REGION_LENGTH__:0x400
                0x00000400                __LOCK_REGION_LENGTH__ = DEFINED (__LOCK_REGION_LENGTH__)?__LOCK_REGION_LENGTH__:0x400
                0x00000400                __SIGNATURE_REGION_LENGTH__ = DEFINED (__SIGNATURE_REGION_LENGTH__)?__SIGNATURE_REGION_LENGTH__:0x400
                0x00000400                __USER_SIGNATURE_REGION_LENGTH__ = DEFINED (__USER_SIGNATURE_REGION_LENGTH__)?__USER_SIGNATURE_REGION_LENGTH__:0x400

.hash
 *(.hash)

.dynsym
 *(.dynsym)

.dynstr
 *(.dynstr)

.gnu.version
 *(.gnu.version)

.gnu.version_d
 *(.gnu.version_d)

.gnu.version_r
 *(.gnu.version_r)

.rel.init
 *(.rel.init)

.rela.init
 *(.rela.init)

.rel.text
 *(.rel.text)
 *(.rel.text.*)
 *(.rel.gnu.linkonce.t*)

.rela.text
 *(.rela.text)
 *(.rela.text.*)
 *(.rela.gnu.linkonce.t*)

.rel.fini
 *(.rel.fini)

.rela.fini
 *(.rela.fini)

.rel.rodata
 *(.rel.rodata)
 *(.rel.rodata.*)
 *(.rel.gnu.linkonce.r*)

.rela.rodata
 *(.rela.rodata)
 *(.rela.rodata.*)
 *(.rela.gnu.linkonce.r*)

.rel.data
 *(.rel.data)
 *(.rel.data.*)
 *(.rel.gnu.linkonce.d*)

.rela.data
 *(.rela.data)
 *(.rela.data.*)
 *(.rela.gnu.linkonce.d*)

.rel.ctors
 *(.rel.ctors)

.rela.ctors
 *(.rela.ctors)

.rel.dtors
 *(.rel.dtors)

.rela.dtors
 *(.rela.dtors)

.rel.got
 *(.rel.got)

.rela.got
 *(.rela.got)

.rel.bss
 *(.rel.bss)

.rela.bss
 *(.rela.bss)

.rel.plt
 *(.rel.plt)

.rela.plt
 *(.rela.plt)

.text           0x00000000      0x6f2
 *(.vectors)
 .vectors       0x00000000       0x94 C:/Program Files (x86)/Atmel/Studio/7.0/Packs/atmel/ATmega_DFP/1.2.132/gcc/dev/at90can64/avr5/crtat90can64.o
                0x00000000                __vector_default
                0x00000000                __vectors
 *(.vectors)
 *(.progmem.gcc*)
                0x00000094                . = ALIGN (0x2)
                0x00000094                __trampolines_start = .
 *(.trampolines)
 .trampolines   0x00000094        0x0 linker stubs
 *(.trampolines*)
                0x00000094                __trampolines_end = .
 *libprintf_flt.a:*(.progmem.data)
 *libc.a:*(.progmem.data)
 *(.progmem*)
                0x00000094                . = ALIGN (0x2)
 *(.jumptables)
 *(.jumptables*)
 *(.lowtext)
 *(.lowtext*)
                0x00000094                __ctors_start = .
 *(.ctors)
                0x00000094                __ctors_end = .
                0x00000094                __dtors_start = .
 *(.dtors)
                0x00000094                __dtors_end = .
 SORT(*)(.ctors)
 SORT(*)(.dtors)
 *(.init0)
 .init0         0x00000094        0x0 C:/Program Files (x86)/Atmel/Studio/7.0/Packs/atmel/ATmega_DFP/1.2.132/gcc/dev/at90can64/avr5/crtat90can64.o
                0x00000094                __init
 *(.init0)
 *(.init1)
 *(.init1)
 *(.init2)
 .init2         0x00000094        0xc C:/Program Files (x86)/Atmel/Studio/7.0/Packs/atmel/ATmega_DFP/1.2.132/gcc/dev/at90can64/avr5/crtat90can64.o
 *(.init2)
 *(.init3)
 *(.init3)
 *(.init4)
 .init4         0x000000a0       0x10 c:/program files (x86)/atmel/studio/7.0/toolchain/avr8/avr8-gnu-toolchain/bin/../lib/gcc/avr/5.4.0/avr5\libgcc.a(_clear_bss.o)
                0x000000a0                __do_clear_bss
 *(.init4)
 *(.init5)
 *(.init5)
 *(.init6)
 *(.init6)
 *(.init7)
 *(.init7)
 *(.init8)
 *(.init8)
 *(.init9)
 .init9         0x000000b0        0x8 C:/Program Files (x86)/Atmel/Studio/7.0/Packs/atmel/ATmega_DFP/1.2.132/gcc/dev/at90can64/avr5/crtat90can64.o
 *(.init9)
 *(.text)
 .text          0x000000b8        0x4 C:/Program Files (x86)/Atmel/Studio/7.0/Packs/atmel/ATmega_DFP/1.2.132/gcc/dev/at90can64/avr5/crtat90can64.o
                0x000000b8                __vector_28
                0x000000b8                __vector_1
                0x000000b8                __vector_34
                0x000000b8                __vector_24
                0x000000b8                __vector_12
                0x000000b8                __bad_interrupt
                0x000000b8                __vector_6
                0x000000b8                __vector_31
                0x000000b8                __vector_35
                0x000000b8                __vector_3
                0x000000b8                __vector_23
                0x000000b8                __vector_30
                0x000000b8                __vector_25
                0x000000b8                __vector_11
                0x000000b8                __vector_13
                0x000000b8                __vector_19
                0x000000b8                __vector_7
                0x000000b8                __vector_27
                0x000000b8                __vector_5
                0x000000b8                __vector_4
                0x000000b8                __vector_9
                0x000000b8                __vector_2
                0x000000b8                __vector_15
                0x000000b8                __vector_36
                0x000000b8                __vector_29
                0x000000b8                __vector_8
                0x000000b8                __vector_26
                0x000000b8                __vector_14
                0x000000b8                __vector_16
                0x000000b8                __vector_18
                0x000000b8                __vector_20
                0x000000bc                . = ALIGN (0x2)
 *(.text.*)
 .text._Z13config_timer0v
                0x000000bc       0x16 j1708.o
                0x000000bc                _Z13config_timer0v
 .text._Z22j1708_rx_isr_receivingv
                0x000000d2       0x52 j1708.o
                0x000000d2                _Z22j1708_rx_isr_receivingv
 .text._Z13send_checksumv
                0x00000124       0x16 j1708.o
                0x00000124                _Z13send_checksumv
 .text.__vector_33
                0x0000013a       0xa0 j1708.o
                0x0000013a                __vector_33
 .text._Z22rx_collision_detectionv
                0x000001da       0x50 j1708.o
                0x000001da                _Z22rx_collision_detectionv
 .text.__vector_32
                0x0000022a       0xb6 j1708.o
                0x0000022a                __vector_32
 .text._Z10j1708_initv
                0x000002e0       0x62 j1708.o
                0x000002e0                _Z10j1708_initv
 .text._Z17j1708_send_packetPhh
                0x00000342       0x54 j1708.o
                0x00000342                _Z17j1708_send_packetPhh
 .text._Z13j1708_tx_datav
                0x00000396       0x1a j1708.o
                0x00000396                _Z13j1708_tx_datav
 .text._Z16handle_times_isrv
                0x000003b0       0xb8 j1708.o
                0x000003b0                _Z16handle_times_isrv
 .text.__vector_17
                0x00000468       0x70 j1708.o
                0x00000468                __vector_17
 .text.main     0x000004d8       0x26 main.o
                0x000004d8                main
 .text.__vector_22
                0x000004fe       0x60 uart0.o
                0x000004fe                __vector_22
 .text.__vector_21
                0x0000055e       0x4e uart0.o
                0x0000055e                __vector_21
 .text._Z23uart0_rx_packet_timeoutv
                0x000005ac       0x50 uart0.o
                0x000005ac                _Z23uart0_rx_packet_timeoutv
 .text.__vector_10
                0x000005fc       0x64 uart0.o
                0x000005fc                __vector_10
 .text._Z13uart0_rx_buffPhS_
                0x00000660       0x44 uart0.o
                0x00000660                _Z13uart0_rx_buffPhS_
 .text._Z13config_timer2v
                0x000006a4       0x12 uart0.o
                0x000006a4                _Z13config_timer2v
 .text._Z10uart0_initv
                0x000006b6       0x38 uart0.o
                0x000006b6                _Z10uart0_initv
                0x000006ee                . = ALIGN (0x2)
 *(.fini9)
 .fini9         0x000006ee        0x0 c:/program files (x86)/atmel/studio/7.0/toolchain/avr8/avr8-gnu-toolchain/bin/../lib/gcc/avr/5.4.0/avr5\libgcc.a(_exit.o)
                0x000006ee                _exit
                0x000006ee                exit
 *(.fini9)
 *(.fini8)
 *(.fini8)
 *(.fini7)
 *(.fini7)
 *(.fini6)
 *(.fini6)
 *(.fini5)
 *(.fini5)
 *(.fini4)
 *(.fini4)
 *(.fini3)
 *(.fini3)
 *(.fini2)
 *(.fini2)
 *(.fini1)
 *(.fini1)
 *(.fini0)
 .fini0         0x000006ee        0x4 c:/program files (x86)/atmel/studio/7.0/toolchain/avr8/avr8-gnu-toolchain/bin/../lib/gcc/avr/5.4.0/avr5\libgcc.a(_exit.o)
 *(.fini0)
                0x000006f2                _etext = .

.data           0x00800100        0x0 load address 0x000006f2
                [!provide]                PROVIDE (__data_start, .)
 *(.data)
 *(.data*)
 *(.rodata)
 *(.rodata*)
 *(.gnu.linkonce.d*)
                0x00800100                . = ALIGN (0x2)
                0x00800100                _edata = .
                [!provide]                PROVIDE (__data_end, .)

.bss            0x00800100       0xb7
                0x00800100                PROVIDE (__bss_start, .)
 *(.bss)
 *(.bss*)
 .bss.bus_status
                0x00800100        0xb j1708.o
                0x00800100                bus_status
 .bss.count_times
                0x0080010b        0x1 j1708.o
                0x0080010b                count_times
 .bss.bit_times
                0x0080010c        0x1 j1708.o
                0x0080010c                bit_times
 .bss.j1708_collision_counter
                0x0080010d        0x1 j1708.o
                0x0080010d                j1708_collision_counter
 .bss.j1708_rx_temp
                0x0080010e        0x1 j1708.o
                0x0080010e                j1708_rx_temp
 .bss.j1708_checksum
                0x0080010f        0x1 j1708.o
                0x0080010f                j1708_checksum
 .bss.len_rx_save
                0x00800110        0x1 j1708.o
                0x00800110                len_rx_save
 .bss.j1708_rx_buff_save
                0x00800111       0x1e j1708.o
                0x00800111                j1708_rx_buff_save
 .bss.j1708_rx_buffer0_ptr
                0x0080012f        0x1 j1708.o
                0x0080012f                j1708_rx_buffer0_ptr
 .bss.j1708_rx_buffer0_count
                0x00800130        0x1 j1708.o
                0x00800130                j1708_rx_buffer0_count
 .bss.j1708_rx_buffer0
                0x00800131       0x1e j1708.o
                0x00800131                j1708_rx_buffer0
 .bss.j1708_tx_ptr
                0x0080014f        0x1 j1708.o
                0x0080014f                j1708_tx_ptr
 .bss.j1708_tx_length
                0x00800150        0x1 j1708.o
                0x00800150                j1708_tx_length
 .bss._ZL15j1708_tx_buffer
                0x00800151        0x2 j1708.o
 .bss._ZL12uart0_in_len
                0x00800153        0x1 main.o
 .bss._ZL15uart0_in_buffer
                0x00800154       0x1e main.o
 .bss.count_tmr2
                0x00800172        0x1 uart0.o
                0x00800172                count_tmr2
 .bss.flag_finish_rx_packet
                0x00800173        0x1 uart0.o
                0x00800173                flag_finish_rx_packet
 .bss.uart0_rx_len_save
                0x00800174        0x1 uart0.o
                0x00800174                uart0_rx_len_save
 .bss.uart0_rx_save
                0x00800175       0x1e uart0.o
                0x00800175                uart0_rx_save
 .bss.uart0_count_in
                0x00800193        0x1 uart0.o
                0x00800193                uart0_count_in
 .bss.uart0_ptr_in
                0x00800194        0x1 uart0.o
                0x00800194                uart0_ptr_in
 .bss.uart0_buffer_in
                0x00800195       0x1e uart0.o
                0x00800195                uart0_buffer_in
 .bss.uart0_buffer_out
                0x008001b3        0x2 uart0.o
                0x008001b3                uart0_buffer_out
 .bss.uart0_len_out
                0x008001b5        0x1 uart0.o
                0x008001b5                uart0_len_out
 .bss.uart0_ptr_out
                0x008001b6        0x1 uart0.o
                0x008001b6                uart0_ptr_out
 *(COMMON)
                0x008001b7                PROVIDE (__bss_end, .)
                0x000006f2                __data_load_start = LOADADDR (.data)
                0x000006f2                __data_load_end = (__data_load_start + SIZEOF (.data))

.noinit         0x008001b7        0x0
                [!provide]                PROVIDE (__noinit_start, .)
 *(.noinit*)
                [!provide]                PROVIDE (__noinit_end, .)
                0x008001b7                _end = .
                [!provide]                PROVIDE (__heap_start, .)

.eeprom         0x00810000        0x0
 *(.eeprom*)
                0x00810000                __eeprom_end = .

.fuse
 *(.fuse)
 *(.lfuse)
 *(.hfuse)
 *(.efuse)

.lock
 *(.lock*)

.signature
 *(.signature*)

.user_signatures
 *(.user_signatures*)

.stab
 *(.stab)

.stabstr
 *(.stabstr)

.stab.excl
 *(.stab.excl)

.stab.exclstr
 *(.stab.exclstr)

.stab.index
 *(.stab.index)

.stab.indexstr
 *(.stab.indexstr)

.comment        0x00000000       0x30
 *(.comment)
 .comment       0x00000000       0x30 j1708.o
                                 0x31 (size before relaxing)
 .comment       0x00000030       0x31 main.o
 .comment       0x00000030       0x31 uart0.o

.note.gnu.avr.deviceinfo
                0x00000000       0x3c
 .note.gnu.avr.deviceinfo
                0x00000000       0x3c C:/Program Files (x86)/Atmel/Studio/7.0/Packs/atmel/ATmega_DFP/1.2.132/gcc/dev/at90can64/avr5/crtat90can64.o

.note.gnu.build-id
 *(.note.gnu.build-id)

.debug
 *(.debug)

.line
 *(.line)

.debug_srcinfo
 *(.debug_srcinfo)

.debug_sfnames
 *(.debug_sfnames)

.debug_aranges  0x00000000       0xf8
 *(.debug_aranges)
 .debug_aranges
                0x00000000       0x78 j1708.o
 .debug_aranges
                0x00000078       0x20 main.o
 .debug_aranges
                0x00000098       0x60 uart0.o

.debug_pubnames
 *(.debug_pubnames)

.debug_info     0x00000000     0x1329
 *(.debug_info .gnu.linkonce.wi.*)
 .debug_info    0x00000000      0xa2d C:/Program Files (x86)/Atmel/Studio/7.0/Packs/atmel/ATmega_DFP/1.2.132/gcc/dev/at90can64/avr5/crtat90can64.o
 .debug_info    0x00000a2d      0x482 j1708.o
 .debug_info    0x00000eaf      0x194 main.o
 .debug_info    0x00001043      0x2e6 uart0.o

.debug_abbrev   0x00000000      0xd6d
 *(.debug_abbrev)
 .debug_abbrev  0x00000000      0x9a0 C:/Program Files (x86)/Atmel/Studio/7.0/Packs/atmel/ATmega_DFP/1.2.132/gcc/dev/at90can64/avr5/crtat90can64.o
 .debug_abbrev  0x000009a0      0x1a0 j1708.o
 .debug_abbrev  0x00000b40       0xd7 main.o
 .debug_abbrev  0x00000c17      0x156 uart0.o

.debug_line     0x00000000      0x9bf
 *(.debug_line .debug_line.* .debug_line_end)
 .debug_line    0x00000000      0x175 C:/Program Files (x86)/Atmel/Studio/7.0/Packs/atmel/ATmega_DFP/1.2.132/gcc/dev/at90can64/avr5/crtat90can64.o
 .debug_line    0x00000175      0x4e8 j1708.o
 .debug_line    0x0000065d       0xd1 main.o
 .debug_line    0x0000072e      0x291 uart0.o

.debug_frame    0x00000000      0x2f8
 *(.debug_frame)
 .debug_frame   0x00000000      0x1ac j1708.o
 .debug_frame   0x000001ac       0x24 main.o
 .debug_frame   0x000001d0      0x128 uart0.o

.debug_str      0x00000000      0xa94
 *(.debug_str)
 .debug_str     0x00000000      0x39f C:/Program Files (x86)/Atmel/Studio/7.0/Packs/atmel/ATmega_DFP/1.2.132/gcc/dev/at90can64/avr5/crtat90can64.o
 .debug_str     0x0000039f      0x4d7 j1708.o
                                0x523 (size before relaxing)
 .debug_str     0x00000876       0x99 main.o
                                0x286 (size before relaxing)
 .debug_str     0x0000090f      0x185 uart0.o
                                0x370 (size before relaxing)

.debug_loc      0x00000000      0x5b3
 *(.debug_loc)
 .debug_loc     0x00000000      0x349 j1708.o
 .debug_loc     0x00000349       0x13 main.o
 .debug_loc     0x0000035c      0x257 uart0.o

.debug_macinfo
 *(.debug_macinfo)

.debug_weaknames
 *(.debug_weaknames)

.debug_funcnames
 *(.debug_funcnames)

.debug_typenames
 *(.debug_typenames)

.debug_varnames
 *(.debug_varnames)

.debug_pubtypes
 *(.debug_pubtypes)

.debug_ranges   0x00000000       0xc8
 *(.debug_ranges)
 .debug_ranges  0x00000000       0x68 j1708.o
 .debug_ranges  0x00000068       0x10 main.o
 .debug_ranges  0x00000078       0x50 uart0.o

.debug_macro
 *(.debug_macro)
OUTPUT(J1708_interface.elf elf32-avr)
LOAD linker stubs
